
> tendersaarthi-next@0.1.0 build
> next build

⚠ `eslint` configuration in next.config.ts is no longer supported. See more info here: https://nextjs.org/docs/app/api-reference/cli/next#next-lint-options
⚠ Invalid next.config.ts options detected: 
⚠     Unrecognized key(s) in object: 'eslint'
⚠ See more info here: https://nextjs.org/docs/messages/invalid-next-config
▲ Next.js 16.1.6 (Turbopack)
- Environments: .env.local

  Creating an optimized production build ...
✓ Compiled successfully in 17.1s
  Skipping validation of types
  Collecting page data using 11 workers ...
  Generating static pages using 11 workers (0/42) ...
⚠ metadataBase property in metadata export is not set for resolving social open graph or twitter images, using "http://localhost:3000". See https://nextjs.org/docs/app/api-reference/functions/generate-metadata#metadatabase
TypeError: fetch failed
    at async c (D:\tractor website\temp_repo_analysis\.next\server\chunks\ssr\[root-of-the-server]__0bc35b32._.js:1:570) {
  [cause]: AggregateError: 
      at ignore-listed frames {
    code: 'ECONNREFUSED'
  }
}
TypeError: fetch failed
    at async c (D:\tractor website\temp_repo_analysis\.next\server\chunks\ssr\[root-of-the-server]__0bc35b32._.js:1:570) {
  [cause]: AggregateError: 
      at ignore-listed frames {
    code: 'ECONNREFUSED'
  }
}
TypeError: fetch failed
    at async c (D:\tractor website\temp_repo_analysis\.next\server\chunks\ssr\[root-of-the-server]__0bc35b32._.js:1:570) {
  [cause]: AggregateError: 
      at ignore-listed frames {
    code: 'ECONNREFUSED'
  }
}
Error occurred prerendering page "/". Read more: https://nextjs.org/docs/messages/prerender-error
TypeError: fetch failed
    at async c (D:\tractor website\temp_repo_analysis\.next\server\chunks\ssr\[root-of-the-server]__0bc35b32._.js:1:570) {
  digest: '1895546721',
  [cause]: AggregateError: 
      at ignore-listed frames {
    code: 'ECONNREFUSED'
  }
}
Export encountered an error on /page: /, exiting the build.
⨯ Next.js build worker exited with code: 1 and signal: null
